	.file	"fireworks.c"
| GNU C17 (GCC) version 14.2.0 (m68k-elf)
|	compiled by GNU C version 11.5.0, GMP version 6.2.1, MPFR version 4.1.0, MPC version 1.2.1, isl version isl-0.24-GMP

| GGC heuristics: --param ggc-min-expand=100 --param ggc-min-heapsize=131072
| options passed: -mcpu=68000 -m68881 -O2 -ffast-math
	.text
	.align	2
	.type	spawn_rocket, @function
spawn_rocket:
	move.l %a2,-(%sp)	|,
| fireworks.c:70:     rocket.x = (float)rand_range(120, VP_W - 120);
	pea 520.w		|
	pea 120.w		|
	lea rand_range,%a2	|, tmp41
	jsr (%a2)		| tmp41
| fireworks.c:70:     rocket.x = (float)rand_range(120, VP_W - 120);
	fmove.l %d0,%fp0	| tmp56,
	fmove.s %fp0,rocket	|, rocket.x
| fireworks.c:71:     rocket.y = (float)(VP_H - 1);
	move.l #0x43ef8000,rocket+4	|, rocket.y
| fireworks.c:72:     rocket.dy = -4.0f - (float)rand_range(0, 15) * 0.1f;
	pea 15.w		|
	clr.l -(%sp)	|
	jsr (%a2)		| tmp41
| fireworks.c:72:     rocket.dy = -4.0f - (float)rand_range(0, 15) * 0.1f;
	fmove.s #0x3dcccccd,%fp0	|, _5
	fsglmul.l %d0,%fp0	| tmp57, _5
| fireworks.c:72:     rocket.dy = -4.0f - (float)rand_range(0, 15) * 0.1f;
	fmove.s #0xc0800000,%fp1	|,
	fsub.x %fp0,%fp1	| _5,
	fmove.s %fp1,rocket+8	|, rocket.dy
| fireworks.c:73:     rocket.target_y = (float)rand_range(80, VP_H / 3);
	pea 160.w		|
	pea 80.w		|
	jsr (%a2)		| tmp41
| fireworks.c:73:     rocket.target_y = (float)rand_range(80, VP_H / 3);
	fmove.l %d0,%fp0	| tmp58,
	fmove.s %fp0,rocket+12	|, rocket.target_y
| fireworks.c:74:     rocket.colour = palette[rand_range(0, (int)PALETTE_SIZE - 1)];
	pea 5.w		|
	clr.l -(%sp)	|
	jsr (%a2)		| tmp41
| fireworks.c:74:     rocket.colour = palette[rand_range(0, (int)PALETTE_SIZE - 1)];
	lsl.l #2,%d0	|, tmp54
| fireworks.c:74:     rocket.colour = palette[rand_range(0, (int)PALETTE_SIZE - 1)];
	lea palette,%a0	|, tmp52
	move.l (%a0,%d0.l),rocket+16	| palette[_9], rocket.colour
| fireworks.c:75:     rocket.state = ROCKET_RISING;
	moveq #1,%d0	|,
	move.l %d0,rocket+20	|, rocket.state
| fireworks.c:76: }
	lea (32,%sp),%sp	|,
	move.l (%sp)+,%a2	|,
	rts	
	.size	spawn_rocket, .-spawn_rocket
	.section	.rodata.str1.1,"aMS",@progbits,1
.LC0:
	.string	"Fireworks demo - press any key to exit"
.LC1:
	.string	"Done."
	.section	.text.startup,"ax",@progbits
	.align	2
	.globl	main
	.type	main, @function
main:
	subq.l #8,%sp	|,
	fmovem #4,-(%sp)	|,
	movem.l #16190,-(%sp)	|,
| fireworks.c:152:     printf("Fireworks demo - press any key to exit\n");
	pea .LC0		|
	jsr puts		|
| fireworks.c:154:     rand_seed(gfx_get_time());
	jsr gfx_get_time		|
| fireworks.c:154:     rand_seed(gfx_get_time());
	move.l %d0,-(%sp)	| tmp255,
	jsr rand_seed		|
| fireworks.c:155:     gfx_set_mode(1);
	pea 1.w		|
	jsr gfx_set_mode		|
| fireworks.c:156:     gfx_clear(0xFF000000);
	move.l #-16777216,-(%sp)	|,
	jsr gfx_clear		|
| fireworks.c:158:     rocket.state = ROCKET_DEAD;
	clr.l rocket+20	| rocket.state
	lea particles+28,%a0	|, ivtmp.41
	lea (16,%sp),%sp	|,
.L4:
| fireworks.c:160:         particles[i].life = 0;
	clr.l (%a0)	| MEM[(int *)_205]
| fireworks.c:159:     for (i = 0; i < PARTICLES_PER_BURST; i++)
	lea (36,%a0),%a0	|, ivtmp.41
	cmp.l #particles+1180,%a0	|, ivtmp.41
	jne .L4		|
| fireworks.c:162:     spawn_rocket();
	jsr spawn_rocket		|
	lea particles+1152,%a6	|, _185
| fireworks.c:62:     r = r * (unsigned)life / (unsigned)max_life;
	lea __mulsi3,%a5	|, tmp251
| fireworks.c:62:     r = r * (unsigned)life / (unsigned)max_life;
	lea __udivsi3,%a4	|, tmp252
.L5:
| fireworks.c:164:     while (!gfx_char_ready()) {
	jsr gfx_char_ready		|
	move.l %d0,56(%sp)	| tmp264, %sfp
| fireworks.c:164:     while (!gfx_char_ready()) {
	jne .L31		|
.L21:
| fireworks.c:105:     if (rocket.state == ROCKET_RISING) {
	move.l rocket+20,60(%sp)	| rocket.state, %sfp
| fireworks.c:105:     if (rocket.state == ROCKET_RISING) {
	moveq #1,%d0	|,
	cmp.l 60(%sp),%d0	| %sfp,
	jeq .L32		|
.L7:
| fireworks.c:97: }
	lea particles,%a2	|, ivtmp.28
.L19:
| fireworks.c:118:         if (p->life <= 0)
	move.l 28(%a2),%a0	| MEM[(int *)_167 + 28B], _35
| fireworks.c:118:         if (p->life <= 0)
	cmp.w #0,%a0	|, _35
	jle .L18		|
| fireworks.c:122:         put_pixel((int)p->old_x, (int)p->old_y, 0xFF000000);
	fintrz.s 8(%a2),%fp0	| MEM[(float *)_167 + 8B], tmp186
	fmove.l %fp0,%d0	| tmp186, _39
| fireworks.c:53:     if ((unsigned)x < VP_W && (unsigned)y < VP_H)
	cmp.l #639,%d0	|, _39
	jhi .L15		|
| fireworks.c:122:         put_pixel((int)p->old_x, (int)p->old_y, 0xFF000000);
	fintrz.s 12(%a2),%fp0	| MEM[(float *)_167 + 12B], tmp187
	fmove.l %fp0,%d2	| tmp187, _37
| fireworks.c:53:     if ((unsigned)x < VP_W && (unsigned)y < VP_H)
	cmp.l #479,%d2	|, _37
	jhi .L15		|
| fireworks.c:54:         *gfx_fb_ptr(x + VP_X, y + VP_Y) = argb;
	moveq #120,%d1	|,
	add.l %d1,%d2	|, _94
| ../lib/merlin2_gfx.h:22:     return (volatile uint32_t *)(GFX_FB_BASE + (y * GFX_SCREEN_W + x) * 4);
	muls.w #1280,%d2	|, _96
| ../lib/merlin2_gfx.h:22:     return (volatile uint32_t *)(GFX_FB_BASE + (y * GFX_SCREEN_W + x) * 4);
	add.l %d2,%d0	| _96, _97
| ../lib/merlin2_gfx.h:22:     return (volatile uint32_t *)(GFX_FB_BASE + (y * GFX_SCREEN_W + x) * 4);
	add.l #2097472,%d0	|, _98
	add.l %d0,%d0	| _98, tmp194
	move.l %d0,%a1	| tmp194, _99
	add.l %d0,%a1	| tmp194, _99
| fireworks.c:54:         *gfx_fb_ptr(x + VP_X, y + VP_Y) = argb;
	move.l #-16777216,(%a1)	|, *_100
.L15:
| fireworks.c:125:         p->vy += GRAVITY;
	fmove.s 20(%a2),%fp1	| MEM[(float *)_167 + 20B], _41
	fadd.s #0x3d75c28f,%fp1	|, _41
	fmove.s %fp1,20(%a2)	| _41, MEM[(float *)_167 + 20B]
| fireworks.c:126:         p->old_x = p->x;
	fmove.s (%a2),%fp0	| MEM[(float *)_167], _42
| fireworks.c:126:         p->old_x = p->x;
	fmove.s %fp0,8(%a2)	| _42, MEM[(float *)_167 + 8B]
| fireworks.c:127:         p->old_y = p->y;
	move.l 4(%a2),%d0	| MEM[(float *)_167 + 4B], _43
| fireworks.c:127:         p->old_y = p->y;
	move.l %d0,12(%a2)	| _43, MEM[(float *)_167 + 12B]
| fireworks.c:128:         p->x += p->vx;
	fadd.s 16(%a2),%fp0	| MEM[(float *)_167 + 16B], _45
	fmove.s %fp0,(%a2)	| _45, MEM[(float *)_167]
| fireworks.c:129:         p->y += p->vy;
	fadd.s %d0,%fp1	| _43, _46
	fmove.s %fp1,4(%a2)	| _46, MEM[(float *)_167 + 4B]
| fireworks.c:130:         p->life--;
	lea (-1,%a0),%a3	|, _35, _47
	move.l %a3,28(%a2)	| _47, MEM[(int *)_167 + 28B]
| fireworks.c:133:         if ((int)p->x < 0 || (int)p->x >= VP_W ||
	fintrz.x %fp0,%fp0	| _45, tmp196
	fmove.l %fp0,%d2	| tmp196, _48
| fireworks.c:133:         if ((int)p->x < 0 || (int)p->x >= VP_W ||
	cmp.l #639,%d2	|, _48
	jhi .L16		|
| fireworks.c:134:             (int)p->y < 0 || (int)p->y >= VP_H) {
	fintrz.x %fp1,%fp1	| _46, tmp197
	fmove.l %fp1,%d3	| tmp197, _50
| fireworks.c:133:         if ((int)p->x < 0 || (int)p->x >= VP_W ||
	cmp.l #479,%d3	|, _50
	jhi .L16		|
| fireworks.c:59:     unsigned r = (colour >> 16) & 0xFF;
	move.l 24(%a2),%d4	| MEM[(long unsigned int *)_167 + 24B], _52
| fireworks.c:59:     unsigned r = (colour >> 16) & 0xFF;
	moveq #0,%d0	| r_104
	move.b 25(%a2),%d0	| MEM[(long unsigned int *)_167 + 24B], r_104
| fireworks.c:62:     r = r * (unsigned)life / (unsigned)max_life;
	move.l %a3,-(%sp)	| _47,
	move.l %d0,-(%sp)	| r_104,
	jsr (%a5)		| tmp251
	addq.l #8,%sp	|,
	move.l %d0,%d6	| tmp258, _109
| fireworks.c:62:     r = r * (unsigned)life / (unsigned)max_life;
	move.l 32(%a2),%d5	| MEM[(int *)_167 + 32B], max_life.1_110
| fireworks.c:60:     unsigned g = (colour >> 8) & 0xFF;
	move.l %d4,%d0	| _52, _105
	lsr.l #8,%d0	|, _105
| fireworks.c:63:     g = g * (unsigned)life / (unsigned)max_life;
	move.l %a3,-(%sp)	| _47,
	moveq #0,%d1	|,
	not.b %d1	|
	and.l %d0,%d1	| _105,
	move.l %d1,-(%sp)	|,
	jsr (%a5)		| tmp251
	addq.l #8,%sp	|,
	move.l %d0,%d7	| tmp259, _112
| fireworks.c:64:     b = b * (unsigned)life / (unsigned)max_life;
	move.l %a3,-(%sp)	| _47,
	moveq #0,%d0	|,
	not.b %d0	|
	and.l %d4,%d0	| _52,
	move.l %d0,-(%sp)	|,
	jsr (%a5)		| tmp251
	addq.l #8,%sp	|,
	move.l %d0,%d4	| tmp260, _114
| fireworks.c:62:     r = r * (unsigned)life / (unsigned)max_life;
	move.l %d5,-(%sp)	| max_life.1_110,
	move.l %d6,-(%sp)	| _109,
	jsr (%a4)		| tmp252
	addq.l #8,%sp	|,
| fireworks.c:65:     return 0xFF000000 | (r << 16) | (g << 8) | b;
	move.l %d0,%d6	| tmp261, _116
	swap %d6	| _116
	clr.w %d6	| _116
| fireworks.c:63:     g = g * (unsigned)life / (unsigned)max_life;
	move.l %d5,-(%sp)	| max_life.1_110,
	move.l %d7,-(%sp)	| _112,
	jsr (%a4)		| tmp252
	addq.l #8,%sp	|,
| fireworks.c:65:     return 0xFF000000 | (r << 16) | (g << 8) | b;
	lsl.l #8,%d0	|, _117
| fireworks.c:65:     return 0xFF000000 | (r << 16) | (g << 8) | b;
	or.l %d0,%d6	| _117, _118
| fireworks.c:64:     b = b * (unsigned)life / (unsigned)max_life;
	move.l %d5,-(%sp)	| max_life.1_110,
	move.l %d4,-(%sp)	| _114,
	jsr (%a4)		| tmp252
	addq.l #8,%sp	|,
| fireworks.c:65:     return 0xFF000000 | (r << 16) | (g << 8) | b;
	or.l %d0,%d6	| tmp263, _119
	or.l #-16777216,%d6	|, _120
| fireworks.c:54:         *gfx_fb_ptr(x + VP_X, y + VP_Y) = argb;
	moveq #120,%d1	|,
	add.l %d1,%d3	|, _121
| ../lib/merlin2_gfx.h:22:     return (volatile uint32_t *)(GFX_FB_BASE + (y * GFX_SCREEN_W + x) * 4);
	muls.w #1280,%d3	|, _123
| ../lib/merlin2_gfx.h:22:     return (volatile uint32_t *)(GFX_FB_BASE + (y * GFX_SCREEN_W + x) * 4);
	add.l %d3,%d2	| _123, _124
| ../lib/merlin2_gfx.h:22:     return (volatile uint32_t *)(GFX_FB_BASE + (y * GFX_SCREEN_W + x) * 4);
	add.l #2097472,%d2	|, _125
	add.l %d2,%d2	| _125, tmp234
	move.l %d2,%a0	| tmp234, _126
	add.l %d2,%a0	| tmp234, _126
| fireworks.c:54:         *gfx_fb_ptr(x + VP_X, y + VP_Y) = argb;
	move.l %d6,(%a0)	| _120, *_127
| fireworks.c:142:         alive++;
	addq.l #1,56(%sp)	|, %sfp
.L18:
| fireworks.c:116:     for (i = 0; i < PARTICLES_PER_BURST; i++) {
	lea (36,%a2),%a2	|, ivtmp.28
	cmp.l %a6,%a2	| _185, ivtmp.28
	jne .L19		|
.L33:
| fireworks.c:168:         if (rocket.state != ROCKET_RISING && alive == 0)
	moveq #1,%d0	|,
	cmp.l 60(%sp),%d0	| %sfp,
	jeq .L5		|
| fireworks.c:168:         if (rocket.state != ROCKET_RISING && alive == 0)
	tst.l 56(%sp)	| %sfp
	jne .L5		|
| fireworks.c:169:             spawn_rocket();
	jsr spawn_rocket		|
| fireworks.c:164:     while (!gfx_char_ready()) {
	jsr gfx_char_ready		|
	move.l %d0,56(%sp)	| tmp264, %sfp
| fireworks.c:164:     while (!gfx_char_ready()) {
	jeq .L21		|
.L31:
| fireworks.c:172:     gfx_set_mode(0);
	clr.l -(%sp)	|
	jsr gfx_set_mode		|
| fireworks.c:173:     printf("Done.\n");
	pea .LC1		|
	jsr puts		|
| fireworks.c:175: }
	addq.l #8,%sp	|,
	moveq #0,%d0	|
	movem.l (%sp)+,#31996	|,
	fmovem (%sp)+,#32	|,
	addq.l #8,%sp	|,
	rts	
.L32:
| fireworks.c:107:         put_pixel((int)rocket.x, (int)rocket.y + 1, 0xFF000000);
	fmove.s rocket+4,%fp1	| rocket.y, _25
| fireworks.c:107:         put_pixel((int)rocket.x, (int)rocket.y + 1, 0xFF000000);
	lea rocket,%a0	|,
	fintrz.s (%a0),%fp0	| rocket.x, tmp152
	fmove.l %fp0,%d0	| tmp152, _29
| fireworks.c:108:         rocket.y += rocket.dy;
	fmove.x %fp1,%fp0	| _25, _53
	fadd.s rocket+8,%fp0	| rocket.dy, _53
| fireworks.c:53:     if ((unsigned)x < VP_W && (unsigned)y < VP_H)
	cmp.l #639,%d0	|, _29
	jls .L8		|
| fireworks.c:108:         rocket.y += rocket.dy;
	fmove.s %fp0,rocket+4	| _53, rocket.y
.L9:
| fireworks.c:111:         if (rocket.y <= rocket.target_y)
	fcmp.s rocket+12,%fp0	| rocket.target_y, _53
	fjgt .L7		|
.L34:
	lea particles,%a2	|, ivtmp.35
| fireworks.c:82:     for (i = 0; i < PARTICLES_PER_BURST; i++) {
	moveq #0,%d2	| i
	lea rand_range,%a3	|, tmp246
.L13:
| fireworks.c:84:         float angle = (float)i * (2.0f * (float)M_PI / (float)PARTICLES_PER_BURST);
	fmove.s #0x3e490fdb,%fp2	|, angle
	fsglmul.l %d2,%fp2	| i, angle
| fireworks.c:85:         float speed = speed_base + (float)rand_range(0, 10) * 0.1f;
	pea 10.w		|
	clr.l -(%sp)	|
	jsr (%a3)		| tmp246
| fireworks.c:85:         float speed = speed_base + (float)rand_range(0, 10) * 0.1f;
	fmove.s #0x3dcccccd,%fp0	|, _81
	fsglmul.l %d0,%fp0	| tmp256, _81
| fireworks.c:85:         float speed = speed_base + (float)rand_range(0, 10) * 0.1f;
	fadd.s #0x3fc00000,%fp0	|, speed
| fireworks.c:86:         p->x = rocket.x;
	lea rocket,%a0	|,
	move.l (%a0),%a1	| rocket.x, _83
| fireworks.c:86:         p->x = rocket.x;
	move.l %a1,(%a2)	| _83, MEM[(float *)_189]
| fireworks.c:87:         p->y = rocket.y;
	move.l rocket+4,%d0	| rocket.y, _84
| fireworks.c:87:         p->y = rocket.y;
	move.l %d0,4(%a2)	| _84, MEM[(float *)_189 + 4B]
| fireworks.c:88:         p->old_x = rocket.x;
	move.l %a1,8(%a2)	| _83, MEM[(float *)_189 + 8B]
| fireworks.c:89:         p->old_y = rocket.y;
	move.l %d0,12(%a2)	| _84, MEM[(float *)_189 + 12B]
| fireworks.c:90:         p->vx = cosf(angle) * speed;
	fcos.x %fp2,%fp1	| angle, _85
| fireworks.c:90:         p->vx = cosf(angle) * speed;
	fsglmul.x %fp0,%fp1	| speed, _85
	fmove.s %fp1,16(%a2)	| _85, MEM[(float *)_189 + 16B]
| fireworks.c:91:         p->vy = sinf(angle) * speed;
	fsin.x %fp2,%fp2	| angle, _87
| fireworks.c:91:         p->vy = sinf(angle) * speed;
	fsglmul.x %fp2,%fp0	| _87, speed
	fmove.s %fp0,20(%a2)	| speed, MEM[(float *)_189 + 20B]
| fireworks.c:92:         p->colour = rocket.colour;
	move.l rocket+16,24(%a2)	| rocket.colour, MEM[(long unsigned int *)_189 + 24B]
| fireworks.c:93:         p->max_life = rand_range(30, 50);
	pea 50.w		|
	pea 30.w		|
	jsr (%a3)		| tmp246
| fireworks.c:93:         p->max_life = rand_range(30, 50);
	move.l %d0,32(%a2)	| _90, MEM[(int *)_189 + 32B]
| fireworks.c:94:         p->life = p->max_life;
	move.l %d0,28(%a2)	| _90, MEM[(int *)_189 + 28B]
| fireworks.c:82:     for (i = 0; i < PARTICLES_PER_BURST; i++) {
	addq.l #1,%d2	|, i
| fireworks.c:82:     for (i = 0; i < PARTICLES_PER_BURST; i++) {
	lea (36,%a2),%a2	|, ivtmp.35
	lea (16,%sp),%sp	|,
	moveq #32,%d0	|,
	cmp.l %d2,%d0	| i,
	jne .L13		|
| fireworks.c:96:     rocket.state = ROCKET_BURST;
	moveq #2,%d1	|,
	move.l %d1,rocket+20	|, rocket.state
| fireworks.c:97: }
	move.l %d1,60(%sp)	|, %sfp
	lea particles,%a2	|, ivtmp.28
	jra .L19		|
.L16:
| fireworks.c:135:             p->life = 0;
	clr.l 28(%a2)	| MEM[(int *)_167 + 28B]
| fireworks.c:116:     for (i = 0; i < PARTICLES_PER_BURST; i++) {
	lea (36,%a2),%a2	|, ivtmp.28
	cmp.l %a6,%a2	| _185, ivtmp.28
	jne .L19		|
	jra .L33		|
.L8:
| fireworks.c:107:         put_pixel((int)rocket.x, (int)rocket.y + 1, 0xFF000000);
	fintrz.x %fp1,%fp1	| _25, tmp155
	fmove.l %fp1,%d2	| tmp155, _26
| fireworks.c:110:         put_pixel((int)rocket.x, (int)rocket.y, 0xFFFFFFFF);
	fintrz.x %fp0,%fp1	| _53, tmp156
	fmove.l %fp1,%d3	| tmp156, _4
| fireworks.c:107:         put_pixel((int)rocket.x, (int)rocket.y + 1, 0xFF000000);
	move.l %d2,%a0	| _26, _27
	addq.l #1,%a0	|, _27
| fireworks.c:53:     if ((unsigned)x < VP_W && (unsigned)y < VP_H)
	cmp.w #479,%a0	|, _27
	jhi .L10		|
| fireworks.c:54:         *gfx_fb_ptr(x + VP_X, y + VP_Y) = argb;
	move.w #121,%a0	|, _62
	add.l %d2,%a0	| _26, _62
| ../lib/merlin2_gfx.h:22:     return (volatile uint32_t *)(GFX_FB_BASE + (y * GFX_SCREEN_W + x) * 4);
	move.w %a0,%d1	|,
	muls.w #1280,%d1	|,
	move.l %d1,%a0	|, _64
| ../lib/merlin2_gfx.h:22:     return (volatile uint32_t *)(GFX_FB_BASE + (y * GFX_SCREEN_W + x) * 4);
	add.l %d0,%a0	| _29, _65
| ../lib/merlin2_gfx.h:22:     return (volatile uint32_t *)(GFX_FB_BASE + (y * GFX_SCREEN_W + x) * 4);
	add.l #2097472,%a0	|, _66
	add.l %a0,%a0	| _66, tmp164
	add.l %a0,%a0	| tmp164, _67
| fireworks.c:54:         *gfx_fb_ptr(x + VP_X, y + VP_Y) = argb;
	move.l #-16777216,(%a0)	|, *_68
.L10:
| fireworks.c:108:         rocket.y += rocket.dy;
	fmove.s %fp0,rocket+4	| _53, rocket.y
| fireworks.c:53:     if ((unsigned)x < VP_W && (unsigned)y < VP_H)
	cmp.l #479,%d3	|, _4
	jhi .L9		|
| fireworks.c:54:         *gfx_fb_ptr(x + VP_X, y + VP_Y) = argb;
	moveq #120,%d2	|, _69
	add.l %d3,%d2	| _4, _69
| ../lib/merlin2_gfx.h:22:     return (volatile uint32_t *)(GFX_FB_BASE + (y * GFX_SCREEN_W + x) * 4);
	muls.w #1280,%d2	|, _71
| ../lib/merlin2_gfx.h:22:     return (volatile uint32_t *)(GFX_FB_BASE + (y * GFX_SCREEN_W + x) * 4);
	add.l %d2,%d0	| _71, _72
| ../lib/merlin2_gfx.h:22:     return (volatile uint32_t *)(GFX_FB_BASE + (y * GFX_SCREEN_W + x) * 4);
	add.l #2097472,%d0	|, _73
	add.l %d0,%d0	| _73, tmp173
	add.l %d0,%d0	| tmp173, _74
| fireworks.c:54:         *gfx_fb_ptr(x + VP_X, y + VP_Y) = argb;
	moveq #-1,%d1	|,
	move.l %d0,%a0	| _74,
	move.l %d1,(%a0)	|, *_75
| fireworks.c:111:         if (rocket.y <= rocket.target_y)
	fcmp.s rocket+12,%fp0	| rocket.target_y, _53
	fjgt .L7		|
	jra .L34		|
	.size	main, .-main
	.section	.rodata
	.align	2
	.type	palette, @object
	.size	palette, 24
palette:
	.long	-57312
	.long	-10496
	.long	-14614752
	.long	-12549889
	.long	-1
	.long	-48897
	.local	particles
	.comm	particles,1152,4
	.local	rocket
	.comm	rocket,24,2
	.globl	__udivsi3
	.globl	__mulsi3
	.ident	"GCC: (GNU) 14.2.0"
